<html>
<body>
<pre>
<h1>礦ision Build Log</h1>
<h2>Tool Versions:</h2>
IDE-Version: μVision V5.13.0.0
Copyright (C) 2014 ARM Ltd and ARM Germany GmbH. All rights reserved.
License Information: 1 CLOVER, 11, LIC=TIVDY-ILC8F-ADCKK-ZRG80-LX2R4-94USH
 
Tool Versions:
Toolchain:       MDK-ARM Standard  Version: 5.13.0.0
Toolchain Path:  D:\MDK\ARM\ARMCC\Bin
C Compiler:      Armcc.exe V5.05 update 1 (build 106)
Assembler:       Armasm.exe V5.05 update 1 (build 106)
Linker/Locator:  ArmLink.exe V5.05 update 1 (build 106)
Library Manager: ArmAr.exe V5.05 update 1 (build 106)
Hex Converter:   FromElf.exe V5.05 update 1 (build 106)
CPU DLL:         SARMCM3.DLL V5.13.0.0
Dialog DLL:      DCM.DLL V1.13.1.0
Target DLL:      UL2CM3.DLL V1.154.12.0
Dialog DLL:      TCM.DLL V1.14.4.0
 
<h2>Project:</h2>
C:\Users\CLOVER\Desktop\饭卡刷卡通(开源源码)\src\MealCard_STm32\Project\MealCard.uvprojx
Project File Date:  11/17/2019

<h2>Output:</h2>
Build target 'MealCarl_Project'
compiling misc.c...
compiling stm32f10x_adc.c...
compiling stm32f10x_bkp.c...
compiling stm32f10x_can.c...
compiling stm32f10x_cec.c...
compiling stm32f10x_crc.c...
compiling stm32f10x_dac.c...
compiling stm32f10x_dbgmcu.c...
compiling stm32f10x_dma.c...
compiling stm32f10x_exti.c...
compiling stm32f10x_flash.c...
compiling stm32f10x_fsmc.c...
compiling stm32f10x_gpio.c...
compiling stm32f10x_i2c.c...
compiling stm32f10x_iwdg.c...
compiling stm32f10x_pwr.c...
compiling stm32f10x_rcc.c...
compiling stm32f10x_rtc.c...
compiling stm32f10x_sdio.c...
compiling stm32f10x_spi.c...
compiling stm32f10x_tim.c...
compiling stm32f10x_usart.c...
compiling stm32f10x_wwdg.c...
compiling core_cm3.c...
assembling startup_stm32f10x_hd.s...
compiling system_stm32f10x.c...
compiling main.c...
..\User\main.c(152): warning:  #167-D: argument of type "char *" is incompatible with parameter of type "uint8_t *"
                                                        USART2_PutStr(str);
..\User\main.c(159): warning:  #167-D: argument of type "char *" is incompatible with parameter of type "uint8_t *"
                                                        USART2_PutStr(str);
..\User\main.c(240): warning:  #167-D: argument of type "char *" is incompatible with parameter of type "uint8_t *"
                                                        USART2_PutStr(str);
..\User\main.c(247): warning:  #167-D: argument of type "char *" is incompatible with parameter of type "uint8_t *"
                                                        USART2_PutStr(str);
..\User\main.c(295): warning:  #167-D: argument of type "char *" is incompatible with parameter of type "uint8_t *"
                                                        USART2_PutStr(str);
..\User\main.c(302): warning:  #167-D: argument of type "char *" is incompatible with parameter of type "uint8_t *"
                                                        USART2_PutStr(str);
..\User\main.c(343): warning:  #167-D: argument of type "char *" is incompatible with parameter of type "uint8_t *"
                                                        USART2_PutStr(str);
..\User\main.c(350): warning:  #167-D: argument of type "char *" is incompatible with parameter of type "uint8_t *"
                                                        USART2_PutStr(str);
..\User\main.c(77): warning:  #177-D: variable "ret" was declared but never referenced
        int ret,status ;
..\User\main.c(78): warning:  #177-D: variable "time" was declared but never referenced
        static int time = 0;
..\User\main.c: 10 warnings, 0 errors
compiling stm32f10x_it.c...
compiling Key_Driver.c...
compiling Beep_Driver.c...
compiling Led_Driver.c...
compiling SysTick_Driver.c...
compiling Uart_Driver.c...
compiling rc522_driver.c...
..\User\RC522\rc522_driver.c(380): warning:  #177-D: variable "xTest" was declared but never referenced
        unsigned char xTest ;
..\User\RC522\rc522_driver.c: 1 warning, 0 errors
compiling spi.c...
compiling Esp_Ap.c...
linking...
Program Size: Code=7660 RO-data=348 RW-data=76 ZI-data=1060  
FromELF: creating hex file...
".\Objects\MealCard.axf" - 0 Error(s), 11 Warning(s).

<h2>Collection of Component include folders:</h2>
  C:\Users\CLOVER\Desktop\饭卡刷卡通(开源源码)\src\MealCard_STm32\Project\RTE
  D:\MDK\ARM\PACK\Keil\STM32F1xx_DFP\2.1.0

<h2>Collection of Component Files used:</h2>
</pre>
</body>
</html>
